Archive member included because of file (symbol)

c:/freescale/kds_v3/toolchain/bin/../lib/gcc/arm-none-eabi/4.8.4/armv6-m\libgcc.a(_udivsi3.o)
                              ./Sources/conversion.o (__aeabi_uidiv)
c:/freescale/kds_v3/toolchain/bin/../lib/gcc/arm-none-eabi/4.8.4/armv6-m\libgcc.a(_dvmd_tls.o)
                              c:/freescale/kds_v3/toolchain/bin/../lib/gcc/arm-none-eabi/4.8.4/armv6-m\libgcc.a(_udivsi3.o) (__aeabi_idiv0)
c:/freescale/kds_v3/toolchain/bin/../lib/gcc/arm-none-eabi/4.8.4/../../../../arm-none-eabi/lib/armv6-m\libg_s.a(lib_a-exit.o)
                              c:/freescale/kds_v3/toolchain/bin/../lib/gcc/arm-none-eabi/4.8.4/../../../../arm-none-eabi/lib/armv6-m/crt0.o (exit)
c:/freescale/kds_v3/toolchain/bin/../lib/gcc/arm-none-eabi/4.8.4/../../../../arm-none-eabi/lib/armv6-m\libg_s.a(lib_a-impure.o)
                              c:/freescale/kds_v3/toolchain/bin/../lib/gcc/arm-none-eabi/4.8.4/../../../../arm-none-eabi/lib/armv6-m\libg_s.a(lib_a-exit.o) (_global_impure_ptr)
c:/freescale/kds_v3/toolchain/bin/../lib/gcc/arm-none-eabi/4.8.4/../../../../arm-none-eabi/lib/armv6-m\libg_s.a(lib_a-init.o)
                              c:/freescale/kds_v3/toolchain/bin/../lib/gcc/arm-none-eabi/4.8.4/../../../../arm-none-eabi/lib/armv6-m/crt0.o (__libc_init_array)
c:/freescale/kds_v3/toolchain/bin/../lib/gcc/arm-none-eabi/4.8.4/../../../../arm-none-eabi/lib/armv6-m\libg_s.a(lib_a-malloc.o)
                              ./Sources/buffer.o (malloc)
c:/freescale/kds_v3/toolchain/bin/../lib/gcc/arm-none-eabi/4.8.4/../../../../arm-none-eabi/lib/armv6-m\libg_s.a(lib_a-memset.o)
                              c:/freescale/kds_v3/toolchain/bin/../lib/gcc/arm-none-eabi/4.8.4/../../../../arm-none-eabi/lib/armv6-m/crt0.o (memset)
c:/freescale/kds_v3/toolchain/bin/../lib/gcc/arm-none-eabi/4.8.4/../../../../arm-none-eabi/lib/armv6-m\libg_s.a(lib_a-nano-freer.o)
                              c:/freescale/kds_v3/toolchain/bin/../lib/gcc/arm-none-eabi/4.8.4/../../../../arm-none-eabi/lib/armv6-m\libg_s.a(lib_a-malloc.o) (_free_r)
c:/freescale/kds_v3/toolchain/bin/../lib/gcc/arm-none-eabi/4.8.4/../../../../arm-none-eabi/lib/armv6-m\libg_s.a(lib_a-nano-mallocr.o)
                              c:/freescale/kds_v3/toolchain/bin/../lib/gcc/arm-none-eabi/4.8.4/../../../../arm-none-eabi/lib/armv6-m\libg_s.a(lib_a-malloc.o) (_malloc_r)
c:/freescale/kds_v3/toolchain/bin/../lib/gcc/arm-none-eabi/4.8.4/../../../../arm-none-eabi/lib/armv6-m\libg_s.a(lib_a-sbrkr.o)
                              c:/freescale/kds_v3/toolchain/bin/../lib/gcc/arm-none-eabi/4.8.4/../../../../arm-none-eabi/lib/armv6-m\libg_s.a(lib_a-nano-mallocr.o) (_sbrk_r)
c:/freescale/kds_v3/toolchain/bin/../lib/gcc/arm-none-eabi/4.8.4/../../../../arm-none-eabi/lib/armv6-m\libg_s.a(lib_a-reent.o)
                              c:/freescale/kds_v3/toolchain/bin/../lib/gcc/arm-none-eabi/4.8.4/../../../../arm-none-eabi/lib/armv6-m\libg_s.a(lib_a-sbrkr.o) (errno)
c:/freescale/kds_v3/toolchain/bin/../lib/gcc/arm-none-eabi/4.8.4/../../../../arm-none-eabi/lib/armv6-m\libnosys.a(sbrk.o)
                              c:/freescale/kds_v3/toolchain/bin/../lib/gcc/arm-none-eabi/4.8.4/../../../../arm-none-eabi/lib/armv6-m\libg_s.a(lib_a-sbrkr.o) (_sbrk)
c:/freescale/kds_v3/toolchain/bin/../lib/gcc/arm-none-eabi/4.8.4/../../../../arm-none-eabi/lib/armv6-m\libnosys.a(_exit.o)
                              c:/freescale/kds_v3/toolchain/bin/../lib/gcc/arm-none-eabi/4.8.4/../../../../arm-none-eabi/lib/armv6-m\libg_s.a(lib_a-exit.o) (_exit)

Allocating common symbols
Common symbol       size              file

errno               0x4               c:/freescale/kds_v3/toolchain/bin/../lib/gcc/arm-none-eabi/4.8.4/../../../../arm-none-eabi/lib/armv6-m\libg_s.a(lib_a-reent.o)
Rx                  0x4               ./Sources/project2.o
c                   0x1               ./Sources/project2.o
Tx                  0x4               ./Sources/project2.o

Discarded input sections

 .text          0x00000000        0x0 c:/freescale/kds_v3/toolchain/bin/../lib/gcc/arm-none-eabi/4.8.4/armv6-m/crti.o
 .data          0x00000000        0x0 c:/freescale/kds_v3/toolchain/bin/../lib/gcc/arm-none-eabi/4.8.4/armv6-m/crti.o
 .bss           0x00000000        0x0 c:/freescale/kds_v3/toolchain/bin/../lib/gcc/arm-none-eabi/4.8.4/armv6-m/crti.o
 .data          0x00000000        0x4 c:/freescale/kds_v3/toolchain/bin/../lib/gcc/arm-none-eabi/4.8.4/armv6-m/crtbegin.o
 .data          0x00000000        0x0 c:/freescale/kds_v3/toolchain/bin/../lib/gcc/arm-none-eabi/4.8.4/../../../../arm-none-eabi/lib/armv6-m/crt0.o
 .bss           0x00000000        0x0 c:/freescale/kds_v3/toolchain/bin/../lib/gcc/arm-none-eabi/4.8.4/../../../../arm-none-eabi/lib/armv6-m/crt0.o
 .ARM.extab     0x00000000        0x0 c:/freescale/kds_v3/toolchain/bin/../lib/gcc/arm-none-eabi/4.8.4/../../../../arm-none-eabi/lib/armv6-m/crt0.o
 .group         0x00000000        0x8 ./Sources/buffer.o
 .group         0x00000000        0x8 ./Sources/buffer.o
 .group         0x00000000        0x8 ./Sources/buffer.o
 .group         0x00000000        0x8 ./Sources/buffer.o
 .group         0x00000000        0x8 ./Sources/buffer.o
 .group         0x00000000        0x8 ./Sources/buffer.o
 .group         0x00000000        0x8 ./Sources/buffer.o
 .group         0x00000000        0x8 ./Sources/buffer.o
 .group         0x00000000        0x8 ./Sources/buffer.o
 .group         0x00000000        0x8 ./Sources/buffer.o
 .group         0x00000000        0x8 ./Sources/buffer.o
 .group         0x00000000        0x8 ./Sources/buffer.o
 .group         0x00000000        0x8 ./Sources/buffer.o
 .group         0x00000000        0x8 ./Sources/buffer.o
 .group         0x00000000        0x8 ./Sources/buffer.o
 .group         0x00000000        0x8 ./Sources/buffer.o
 .group         0x00000000        0x8 ./Sources/buffer.o
 .group         0x00000000        0x8 ./Sources/buffer.o
 .group         0x00000000        0x8 ./Sources/buffer.o
 .group         0x00000000        0x8 ./Sources/buffer.o
 .group         0x00000000        0x8 ./Sources/buffer.o
 .group         0x00000000        0x8 ./Sources/buffer.o
 .group         0x00000000        0x8 ./Sources/buffer.o
 .text          0x00000000        0x0 ./Sources/buffer.o
 .data          0x00000000        0x0 ./Sources/buffer.o
 .bss           0x00000000        0x0 ./Sources/buffer.o
 .text.CB_is_full
                0x00000000       0x48 ./Sources/buffer.o
 .text.CB_peek  0x00000000       0x74 ./Sources/buffer.o
 .text.CB_Destroy
                0x00000000       0x38 ./Sources/buffer.o
 .group         0x00000000        0x8 ./Sources/conversion.o
 .group         0x00000000        0x8 ./Sources/conversion.o
 .group         0x00000000        0x8 ./Sources/conversion.o
 .group         0x00000000        0x8 ./Sources/conversion.o
 .group         0x00000000        0x8 ./Sources/conversion.o
 .group         0x00000000        0x8 ./Sources/conversion.o
 .group         0x00000000        0x8 ./Sources/conversion.o
 .group         0x00000000        0x8 ./Sources/conversion.o
 .group         0x00000000        0x8 ./Sources/conversion.o
 .group         0x00000000        0x8 ./Sources/conversion.o
 .group         0x00000000        0x8 ./Sources/conversion.o
 .group         0x00000000        0x8 ./Sources/conversion.o
 .group         0x00000000        0x8 ./Sources/conversion.o
 .group         0x00000000        0x8 ./Sources/conversion.o
 .group         0x00000000        0x8 ./Sources/conversion.o
 .group         0x00000000        0x8 ./Sources/conversion.o
 .group         0x00000000        0x8 ./Sources/conversion.o
 .group         0x00000000        0x8 ./Sources/conversion.o
 .group         0x00000000        0x8 ./Sources/conversion.o
 .group         0x00000000        0x8 ./Sources/conversion.o
 .text          0x00000000        0x0 ./Sources/conversion.o
 .data          0x00000000        0x0 ./Sources/conversion.o
 .bss           0x00000000        0x0 ./Sources/conversion.o
 .debug_macro   0x00000000      0x802 ./Sources/conversion.o
 .debug_macro   0x00000000       0x58 ./Sources/conversion.o
 .debug_macro   0x00000000       0x16 ./Sources/conversion.o
 .debug_macro   0x00000000       0x35 ./Sources/conversion.o
 .debug_macro   0x00000000       0xa3 ./Sources/conversion.o
 .debug_macro   0x00000000       0x10 ./Sources/conversion.o
 .debug_macro   0x00000000       0x52 ./Sources/conversion.o
 .debug_macro   0x00000000       0x16 ./Sources/conversion.o
 .debug_macro   0x00000000       0x43 ./Sources/conversion.o
 .debug_macro   0x00000000      0x180 ./Sources/conversion.o
 .debug_macro   0x00000000       0x10 ./Sources/conversion.o
 .debug_macro   0x00000000       0x22 ./Sources/conversion.o
 .debug_macro   0x00000000       0xbd ./Sources/conversion.o
 .debug_macro   0x00000000       0x16 ./Sources/conversion.o
 .debug_macro   0x00000000      0x14a ./Sources/conversion.o
 .group         0x00000000        0x8 ./Sources/main.o
 .group         0x00000000        0x8 ./Sources/main.o
 .group         0x00000000        0x8 ./Sources/main.o
 .group         0x00000000        0x8 ./Sources/main.o
 .group         0x00000000        0x8 ./Sources/main.o
 .group         0x00000000        0x8 ./Sources/main.o
 .group         0x00000000        0x8 ./Sources/main.o
 .group         0x00000000        0x8 ./Sources/main.o
 .group         0x00000000        0x8 ./Sources/main.o
 .group         0x00000000        0x8 ./Sources/main.o
 .group         0x00000000        0x8 ./Sources/main.o
 .group         0x00000000        0x8 ./Sources/main.o
 .group         0x00000000        0x8 ./Sources/main.o
 .group         0x00000000        0x8 ./Sources/main.o
 .group         0x00000000        0x8 ./Sources/main.o
 .group         0x00000000        0x8 ./Sources/main.o
 .group         0x00000000        0x8 ./Sources/main.o
 .group         0x00000000        0x8 ./Sources/main.o
 .group         0x00000000        0x8 ./Sources/main.o
 .group         0x00000000        0x8 ./Sources/main.o
 .group         0x00000000        0x8 ./Sources/main.o
 .group         0x00000000        0x8 ./Sources/main.o
 .group         0x00000000        0x8 ./Sources/main.o
 .group         0x00000000        0x8 ./Sources/main.o
 .group         0x00000000        0x8 ./Sources/main.o
 .group         0x00000000        0x8 ./Sources/main.o
 .group         0x00000000        0x8 ./Sources/main.o
 .group         0x00000000        0x8 ./Sources/main.o
 .group         0x00000000        0x8 ./Sources/main.o
 .group         0x00000000        0x8 ./Sources/main.o
 .group         0x00000000        0x8 ./Sources/main.o
 .text          0x00000000        0x0 ./Sources/main.o
 .data          0x00000000        0x0 ./Sources/main.o
 .bss           0x00000000        0x0 ./Sources/main.o
 .debug_macro   0x00000000      0x802 ./Sources/main.o
 .debug_macro   0x00000000       0x16 ./Sources/main.o
 .debug_macro   0x00000000       0x44 ./Sources/main.o
 .debug_macro   0x00000000      0x209 ./Sources/main.o
 .debug_macro   0x00000000       0x58 ./Sources/main.o
 .debug_macro   0x00000000       0x35 ./Sources/main.o
 .debug_macro   0x00000000       0xa3 ./Sources/main.o
 .debug_macro   0x00000000       0x16 ./Sources/main.o
 .debug_macro   0x00000000      0x10e ./Sources/main.o
 .debug_macro   0x00000000       0x7f ./Sources/main.o
 .debug_macro   0x00000000       0x52 ./Sources/main.o
 .debug_macro   0x00000000       0x16 ./Sources/main.o
 .debug_macro   0x00000000       0x43 ./Sources/main.o
 .debug_macro   0x00000000      0x180 ./Sources/main.o
 .debug_macro   0x00000000       0x22 ./Sources/main.o
 .debug_macro   0x00000000       0x1c ./Sources/main.o
 .debug_macro   0x00000000       0x35 ./Sources/main.o
 .debug_macro   0x00000000       0x10 ./Sources/main.o
 .debug_macro   0x00000000       0x10 ./Sources/main.o
 .debug_macro   0x00000000       0x22 ./Sources/main.o
 .debug_macro   0x00000000       0xbd ./Sources/main.o
 .debug_macro   0x00000000       0x16 ./Sources/main.o
 .debug_macro   0x00000000      0x14a ./Sources/main.o
 .group         0x00000000        0x8 ./Sources/project2.o
 .group         0x00000000        0x8 ./Sources/project2.o
 .group         0x00000000        0x8 ./Sources/project2.o
 .group         0x00000000        0x8 ./Sources/project2.o
 .group         0x00000000        0x8 ./Sources/project2.o
 .group         0x00000000        0x8 ./Sources/project2.o
 .group         0x00000000        0x8 ./Sources/project2.o
 .group         0x00000000        0x8 ./Sources/project2.o
 .group         0x00000000        0x8 ./Sources/project2.o
 .group         0x00000000        0x8 ./Sources/project2.o
 .group         0x00000000        0x8 ./Sources/project2.o
 .group         0x00000000        0x8 ./Sources/project2.o
 .group         0x00000000        0x8 ./Sources/project2.o
 .group         0x00000000        0x8 ./Sources/project2.o
 .group         0x00000000        0x8 ./Sources/project2.o
 .group         0x00000000        0x8 ./Sources/project2.o
 .group         0x00000000        0x8 ./Sources/project2.o
 .group         0x00000000        0x8 ./Sources/project2.o
 .group         0x00000000        0x8 ./Sources/project2.o
 .group         0x00000000        0x8 ./Sources/project2.o
 .group         0x00000000        0x8 ./Sources/project2.o
 .group         0x00000000        0x8 ./Sources/project2.o
 .group         0x00000000        0x8 ./Sources/project2.o
 .group         0x00000000        0x8 ./Sources/project2.o
 .group         0x00000000        0x8 ./Sources/project2.o
 .group         0x00000000        0x8 ./Sources/project2.o
 .group         0x00000000        0x8 ./Sources/project2.o
 .group         0x00000000        0x8 ./Sources/project2.o
 .group         0x00000000        0x8 ./Sources/project2.o
 .group         0x00000000        0x8 ./Sources/project2.o
 .text          0x00000000        0x0 ./Sources/project2.o
 .data          0x00000000        0x0 ./Sources/project2.o
 .bss           0x00000000        0x0 ./Sources/project2.o
 .bss.i         0x00000000        0x4 ./Sources/project2.o
 .debug_macro   0x00000000      0x802 ./Sources/project2.o
 .debug_macro   0x00000000       0x16 ./Sources/project2.o
 .debug_macro   0x00000000       0x44 ./Sources/project2.o
 .debug_macro   0x00000000      0x209 ./Sources/project2.o
 .debug_macro   0x00000000       0x58 ./Sources/project2.o
 .debug_macro   0x00000000       0x35 ./Sources/project2.o
 .debug_macro   0x00000000       0xa3 ./Sources/project2.o
 .debug_macro   0x00000000       0x16 ./Sources/project2.o
 .debug_macro   0x00000000      0x10e ./Sources/project2.o
 .debug_macro   0x00000000       0x7f ./Sources/project2.o
 .debug_macro   0x00000000       0x52 ./Sources/project2.o
 .debug_macro   0x00000000       0x16 ./Sources/project2.o
 .debug_macro   0x00000000       0x43 ./Sources/project2.o
 .debug_macro   0x00000000      0x180 ./Sources/project2.o
 .debug_macro   0x00000000       0x22 ./Sources/project2.o
 .debug_macro   0x00000000       0x1c ./Sources/project2.o
 .debug_macro   0x00000000       0x35 ./Sources/project2.o
 .debug_macro   0x00000000       0x10 ./Sources/project2.o
 .debug_macro   0x00000000       0x10 ./Sources/project2.o
 .debug_macro   0x00000000       0x22 ./Sources/project2.o
 .debug_macro   0x00000000       0xbd ./Sources/project2.o
 .debug_macro   0x00000000       0x16 ./Sources/project2.o
 .debug_macro   0x00000000      0x14a ./Sources/project2.o
 .debug_macro   0x00000000       0x3a ./Sources/project2.o
 .debug_macro   0x00000000       0x26 ./Sources/project2.o
 .debug_macro   0x00000000      0x306 ./Sources/project2.o
 .debug_macro   0x00000000       0x63 ./Sources/project2.o
 .debug_macro   0x00000000     0x839f ./Sources/project2.o
 .debug_macro   0x00000000       0x22 ./Sources/project2.o
 .group         0x00000000        0x8 ./Sources/uart.o
 .group         0x00000000        0x8 ./Sources/uart.o
 .group         0x00000000        0x8 ./Sources/uart.o
 .group         0x00000000        0x8 ./Sources/uart.o
 .group         0x00000000        0x8 ./Sources/uart.o
 .group         0x00000000        0x8 ./Sources/uart.o
 .group         0x00000000        0x8 ./Sources/uart.o
 .group         0x00000000        0x8 ./Sources/uart.o
 .group         0x00000000        0x8 ./Sources/uart.o
 .group         0x00000000        0x8 ./Sources/uart.o
 .group         0x00000000        0x8 ./Sources/uart.o
 .group         0x00000000        0x8 ./Sources/uart.o
 .group         0x00000000        0x8 ./Sources/uart.o
 .group         0x00000000        0x8 ./Sources/uart.o
 .group         0x00000000        0x8 ./Sources/uart.o
 .group         0x00000000        0x8 ./Sources/uart.o
 .group         0x00000000        0x8 ./Sources/uart.o
 .group         0x00000000        0x8 ./Sources/uart.o
 .group         0x00000000        0x8 ./Sources/uart.o
 .group         0x00000000        0x8 ./Sources/uart.o
 .group         0x00000000        0x8 ./Sources/uart.o
 .group         0x00000000        0x8 ./Sources/uart.o
 .group         0x00000000        0x8 ./Sources/uart.o
 .group         0x00000000        0x8 ./Sources/uart.o
 .group         0x00000000        0x8 ./Sources/uart.o
 .group         0x00000000        0x8 ./Sources/uart.o
 .group         0x00000000        0x8 ./Sources/uart.o
 .group         0x00000000        0x8 ./Sources/uart.o
 .group         0x00000000        0x8 ./Sources/uart.o
 .group         0x00000000        0x8 ./Sources/uart.o
 .group         0x00000000        0x8 ./Sources/uart.o
 .text          0x00000000        0x0 ./Sources/uart.o
 .data          0x00000000        0x0 ./Sources/uart.o
 .bss           0x00000000        0x0 ./Sources/uart.o
 .text.UART_send_n
                0x00000000       0x54 ./Sources/uart.o
 .text.UART_receive
                0x00000000       0x38 ./Sources/uart.o
 .text.UART_receive_n
                0x00000000       0x58 ./Sources/uart.o
 .debug_macro   0x00000000      0x802 ./Sources/uart.o
 .debug_macro   0x00000000       0x16 ./Sources/uart.o
 .debug_macro   0x00000000       0x16 ./Sources/uart.o
 .debug_macro   0x00000000       0x44 ./Sources/uart.o
 .debug_macro   0x00000000      0x209 ./Sources/uart.o
 .debug_macro   0x00000000       0x3a ./Sources/uart.o
 .debug_macro   0x00000000       0x3a ./Sources/uart.o
 .debug_macro   0x00000000       0x26 ./Sources/uart.o
 .debug_macro   0x00000000      0x306 ./Sources/uart.o
 .debug_macro   0x00000000       0x63 ./Sources/uart.o
 .debug_macro   0x00000000     0x839f ./Sources/uart.o
 .debug_macro   0x00000000       0x22 ./Sources/uart.o
 .debug_macro   0x00000000       0x58 ./Sources/uart.o
 .debug_macro   0x00000000       0x35 ./Sources/uart.o
 .debug_macro   0x00000000       0xa3 ./Sources/uart.o
 .debug_macro   0x00000000       0x16 ./Sources/uart.o
 .debug_macro   0x00000000      0x10e ./Sources/uart.o
 .debug_macro   0x00000000       0x7f ./Sources/uart.o
 .debug_macro   0x00000000       0x52 ./Sources/uart.o
 .debug_macro   0x00000000       0x16 ./Sources/uart.o
 .debug_macro   0x00000000       0x43 ./Sources/uart.o
 .debug_macro   0x00000000      0x180 ./Sources/uart.o
 .debug_macro   0x00000000       0x22 ./Sources/uart.o
 .debug_macro   0x00000000       0x1c ./Sources/uart.o
 .debug_macro   0x00000000       0x35 ./Sources/uart.o
 .debug_macro   0x00000000       0x10 ./Sources/uart.o
 .debug_macro   0x00000000       0x10 ./Sources/uart.o
 .debug_macro   0x00000000       0x22 ./Sources/uart.o
 .debug_macro   0x00000000       0xbd ./Sources/uart.o
 .debug_macro   0x00000000       0x16 ./Sources/uart.o
 .debug_macro   0x00000000      0x14a ./Sources/uart.o
 .data          0x00000000        0x0 ./Project_Settings/Startup_Code/startup_MKL25Z4.o
 .bss           0x00000000        0x0 ./Project_Settings/Startup_Code/startup_MKL25Z4.o
 .group         0x00000000        0x8 ./Project_Settings/Startup_Code/system_MKL25Z4.o
 .group         0x00000000        0x8 ./Project_Settings/Startup_Code/system_MKL25Z4.o
 .group         0x00000000        0x8 ./Project_Settings/Startup_Code/system_MKL25Z4.o
 .group         0x00000000        0x8 ./Project_Settings/Startup_Code/system_MKL25Z4.o
 .group         0x00000000        0x8 ./Project_Settings/Startup_Code/system_MKL25Z4.o
 .group         0x00000000        0x8 ./Project_Settings/Startup_Code/system_MKL25Z4.o
 .group         0x00000000        0x8 ./Project_Settings/Startup_Code/system_MKL25Z4.o
 .group         0x00000000        0x8 ./Project_Settings/Startup_Code/system_MKL25Z4.o
 .group         0x00000000        0x8 ./Project_Settings/Startup_Code/system_MKL25Z4.o
 .group         0x00000000        0x8 ./Project_Settings/Startup_Code/system_MKL25Z4.o
 .text          0x00000000        0x0 ./Project_Settings/Startup_Code/system_MKL25Z4.o
 .data          0x00000000        0x0 ./Project_Settings/Startup_Code/system_MKL25Z4.o
 .bss           0x00000000        0x0 ./Project_Settings/Startup_Code/system_MKL25Z4.o
 .data.SystemCoreClock
                0x00000000        0x4 ./Project_Settings/Startup_Code/system_MKL25Z4.o
 .text.SystemCoreClockUpdate
                0x00000000      0x23c ./Project_Settings/Startup_Code/system_MKL25Z4.o
 .debug_macro   0x00000000      0x802 ./Project_Settings/Startup_Code/system_MKL25Z4.o
 .debug_macro   0x00000000       0x16 ./Project_Settings/Startup_Code/system_MKL25Z4.o
 .debug_macro   0x00000000       0x44 ./Project_Settings/Startup_Code/system_MKL25Z4.o
 .debug_macro   0x00000000      0x209 ./Project_Settings/Startup_Code/system_MKL25Z4.o
 .debug_macro   0x00000000       0x4c ./Project_Settings/Startup_Code/system_MKL25Z4.o
 .debug_macro   0x00000000       0x3a ./Project_Settings/Startup_Code/system_MKL25Z4.o
 .debug_macro   0x00000000       0x26 ./Project_Settings/Startup_Code/system_MKL25Z4.o
 .debug_macro   0x00000000      0x306 ./Project_Settings/Startup_Code/system_MKL25Z4.o
 .debug_macro   0x00000000       0x63 ./Project_Settings/Startup_Code/system_MKL25Z4.o
 .debug_macro   0x00000000     0x839f ./Project_Settings/Startup_Code/system_MKL25Z4.o
 .group         0x00000000        0x8 ./xyz.o
 .text          0x00000000        0x0 ./xyz.o
 .data          0x00000000        0x0 ./xyz.o
 .bss           0x00000000        0x0 ./xyz.o
 .debug_info    0x00000000       0x21 ./xyz.o
 .debug_abbrev  0x00000000       0x13 ./xyz.o
 .debug_aranges
                0x00000000       0x18 ./xyz.o
 .debug_macro   0x00000000       0x11 ./xyz.o
 .debug_macro   0x00000000      0x802 ./xyz.o
 .debug_line    0x00000000       0x29 ./xyz.o
 .debug_str     0x00000000     0x22aa ./xyz.o
 .comment       0x00000000       0x71 ./xyz.o
 .ARM.attributes
                0x00000000       0x32 ./xyz.o
 .data          0x00000000        0x0 c:/freescale/kds_v3/toolchain/bin/../lib/gcc/arm-none-eabi/4.8.4/armv6-m\libgcc.a(_udivsi3.o)
 .bss           0x00000000        0x0 c:/freescale/kds_v3/toolchain/bin/../lib/gcc/arm-none-eabi/4.8.4/armv6-m\libgcc.a(_udivsi3.o)
 .data          0x00000000        0x0 c:/freescale/kds_v3/toolchain/bin/../lib/gcc/arm-none-eabi/4.8.4/armv6-m\libgcc.a(_dvmd_tls.o)
 .bss           0x00000000        0x0 c:/freescale/kds_v3/toolchain/bin/../lib/gcc/arm-none-eabi/4.8.4/armv6-m\libgcc.a(_dvmd_tls.o)
 .text          0x00000000        0x0 c:/freescale/kds_v3/toolchain/bin/../lib/gcc/arm-none-eabi/4.8.4/../../../../arm-none-eabi/lib/armv6-m\libg_s.a(lib_a-exit.o)
 .data          0x00000000        0x0 c:/freescale/kds_v3/toolchain/bin/../lib/gcc/arm-none-eabi/4.8.4/../../../../arm-none-eabi/lib/armv6-m\libg_s.a(lib_a-exit.o)
 .bss           0x00000000        0x0 c:/freescale/kds_v3/toolchain/bin/../lib/gcc/arm-none-eabi/4.8.4/../../../../arm-none-eabi/lib/armv6-m\libg_s.a(lib_a-exit.o)
 .text          0x00000000        0x0 c:/freescale/kds_v3/toolchain/bin/../lib/gcc/arm-none-eabi/4.8.4/../../../../arm-none-eabi/lib/armv6-m\libg_s.a(lib_a-impure.o)
 .data          0x00000000        0x0 c:/freescale/kds_v3/toolchain/bin/../lib/gcc/arm-none-eabi/4.8.4/../../../../arm-none-eabi/lib/armv6-m\libg_s.a(lib_a-impure.o)
 .bss           0x00000000        0x0 c:/freescale/kds_v3/toolchain/bin/../lib/gcc/arm-none-eabi/4.8.4/../../../../arm-none-eabi/lib/armv6-m\libg_s.a(lib_a-impure.o)
 .text          0x00000000        0x0 c:/freescale/kds_v3/toolchain/bin/../lib/gcc/arm-none-eabi/4.8.4/../../../../arm-none-eabi/lib/armv6-m\libg_s.a(lib_a-init.o)
 .data          0x00000000        0x0 c:/freescale/kds_v3/toolchain/bin/../lib/gcc/arm-none-eabi/4.8.4/../../../../arm-none-eabi/lib/armv6-m\libg_s.a(lib_a-init.o)
 .bss           0x00000000        0x0 c:/freescale/kds_v3/toolchain/bin/../lib/gcc/arm-none-eabi/4.8.4/../../../../arm-none-eabi/lib/armv6-m\libg_s.a(lib_a-init.o)
 .text          0x00000000        0x0 c:/freescale/kds_v3/toolchain/bin/../lib/gcc/arm-none-eabi/4.8.4/../../../../arm-none-eabi/lib/armv6-m\libg_s.a(lib_a-malloc.o)
 .data          0x00000000        0x0 c:/freescale/kds_v3/toolchain/bin/../lib/gcc/arm-none-eabi/4.8.4/../../../../arm-none-eabi/lib/armv6-m\libg_s.a(lib_a-malloc.o)
 .bss           0x00000000        0x0 c:/freescale/kds_v3/toolchain/bin/../lib/gcc/arm-none-eabi/4.8.4/../../../../arm-none-eabi/lib/armv6-m\libg_s.a(lib_a-malloc.o)
 .text.free     0x00000000       0x14 c:/freescale/kds_v3/toolchain/bin/../lib/gcc/arm-none-eabi/4.8.4/../../../../arm-none-eabi/lib/armv6-m\libg_s.a(lib_a-malloc.o)
 .text          0x00000000        0x0 c:/freescale/kds_v3/toolchain/bin/../lib/gcc/arm-none-eabi/4.8.4/../../../../arm-none-eabi/lib/armv6-m\libg_s.a(lib_a-memset.o)
 .data          0x00000000        0x0 c:/freescale/kds_v3/toolchain/bin/../lib/gcc/arm-none-eabi/4.8.4/../../../../arm-none-eabi/lib/armv6-m\libg_s.a(lib_a-memset.o)
 .bss           0x00000000        0x0 c:/freescale/kds_v3/toolchain/bin/../lib/gcc/arm-none-eabi/4.8.4/../../../../arm-none-eabi/lib/armv6-m\libg_s.a(lib_a-memset.o)
 .text          0x00000000        0x0 c:/freescale/kds_v3/toolchain/bin/../lib/gcc/arm-none-eabi/4.8.4/../../../../arm-none-eabi/lib/armv6-m\libg_s.a(lib_a-nano-freer.o)
 .data          0x00000000        0x0 c:/freescale/kds_v3/toolchain/bin/../lib/gcc/arm-none-eabi/4.8.4/../../../../arm-none-eabi/lib/armv6-m\libg_s.a(lib_a-nano-freer.o)
 .bss           0x00000000        0x0 c:/freescale/kds_v3/toolchain/bin/../lib/gcc/arm-none-eabi/4.8.4/../../../../arm-none-eabi/lib/armv6-m\libg_s.a(lib_a-nano-freer.o)
 .text._free_r  0x00000000       0x90 c:/freescale/kds_v3/toolchain/bin/../lib/gcc/arm-none-eabi/4.8.4/../../../../arm-none-eabi/lib/armv6-m\libg_s.a(lib_a-nano-freer.o)
 .ARM.attributes
                0x00000000       0x2c c:/freescale/kds_v3/toolchain/bin/../lib/gcc/arm-none-eabi/4.8.4/../../../../arm-none-eabi/lib/armv6-m\libg_s.a(lib_a-nano-freer.o)
 .debug_frame   0x00000000       0x2c c:/freescale/kds_v3/toolchain/bin/../lib/gcc/arm-none-eabi/4.8.4/../../../../arm-none-eabi/lib/armv6-m\libg_s.a(lib_a-nano-freer.o)
 .text          0x00000000        0x0 c:/freescale/kds_v3/toolchain/bin/../lib/gcc/arm-none-eabi/4.8.4/../../../../arm-none-eabi/lib/armv6-m\libg_s.a(lib_a-nano-mallocr.o)
 .data          0x00000000        0x0 c:/freescale/kds_v3/toolchain/bin/../lib/gcc/arm-none-eabi/4.8.4/../../../../arm-none-eabi/lib/armv6-m\libg_s.a(lib_a-nano-mallocr.o)
 .bss           0x00000000        0x0 c:/freescale/kds_v3/toolchain/bin/../lib/gcc/arm-none-eabi/4.8.4/../../../../arm-none-eabi/lib/armv6-m\libg_s.a(lib_a-nano-mallocr.o)
 .text          0x00000000        0x0 c:/freescale/kds_v3/toolchain/bin/../lib/gcc/arm-none-eabi/4.8.4/../../../../arm-none-eabi/lib/armv6-m\libg_s.a(lib_a-sbrkr.o)
 .data          0x00000000        0x0 c:/freescale/kds_v3/toolchain/bin/../lib/gcc/arm-none-eabi/4.8.4/../../../../arm-none-eabi/lib/armv6-m\libg_s.a(lib_a-sbrkr.o)
 .bss           0x00000000        0x0 c:/freescale/kds_v3/toolchain/bin/../lib/gcc/arm-none-eabi/4.8.4/../../../../arm-none-eabi/lib/armv6-m\libg_s.a(lib_a-sbrkr.o)
 .text          0x00000000        0x0 c:/freescale/kds_v3/toolchain/bin/../lib/gcc/arm-none-eabi/4.8.4/../../../../arm-none-eabi/lib/armv6-m\libg_s.a(lib_a-reent.o)
 .data          0x00000000        0x0 c:/freescale/kds_v3/toolchain/bin/../lib/gcc/arm-none-eabi/4.8.4/../../../../arm-none-eabi/lib/armv6-m\libg_s.a(lib_a-reent.o)
 .bss           0x00000000        0x0 c:/freescale/kds_v3/toolchain/bin/../lib/gcc/arm-none-eabi/4.8.4/../../../../arm-none-eabi/lib/armv6-m\libg_s.a(lib_a-reent.o)
 .text.cleanup_glue
                0x00000000       0x1a c:/freescale/kds_v3/toolchain/bin/../lib/gcc/arm-none-eabi/4.8.4/../../../../arm-none-eabi/lib/armv6-m\libg_s.a(lib_a-reent.o)
 .text._reclaim_reent
                0x00000000       0xcc c:/freescale/kds_v3/toolchain/bin/../lib/gcc/arm-none-eabi/4.8.4/../../../../arm-none-eabi/lib/armv6-m\libg_s.a(lib_a-reent.o)
 .text          0x00000000        0x0 c:/freescale/kds_v3/toolchain/bin/../lib/gcc/arm-none-eabi/4.8.4/../../../../arm-none-eabi/lib/armv6-m\libnosys.a(sbrk.o)
 .data          0x00000000        0x0 c:/freescale/kds_v3/toolchain/bin/../lib/gcc/arm-none-eabi/4.8.4/../../../../arm-none-eabi/lib/armv6-m\libnosys.a(sbrk.o)
 .bss           0x00000000        0x0 c:/freescale/kds_v3/toolchain/bin/../lib/gcc/arm-none-eabi/4.8.4/../../../../arm-none-eabi/lib/armv6-m\libnosys.a(sbrk.o)
 .text          0x00000000        0x0 c:/freescale/kds_v3/toolchain/bin/../lib/gcc/arm-none-eabi/4.8.4/../../../../arm-none-eabi/lib/armv6-m\libnosys.a(_exit.o)
 .data          0x00000000        0x0 c:/freescale/kds_v3/toolchain/bin/../lib/gcc/arm-none-eabi/4.8.4/../../../../arm-none-eabi/lib/armv6-m\libnosys.a(_exit.o)
 .bss           0x00000000        0x0 c:/freescale/kds_v3/toolchain/bin/../lib/gcc/arm-none-eabi/4.8.4/../../../../arm-none-eabi/lib/armv6-m\libnosys.a(_exit.o)
 .text          0x00000000        0x0 c:/freescale/kds_v3/toolchain/bin/../lib/gcc/arm-none-eabi/4.8.4/armv6-m/crtend.o
 .data          0x00000000        0x0 c:/freescale/kds_v3/toolchain/bin/../lib/gcc/arm-none-eabi/4.8.4/armv6-m/crtend.o
 .bss           0x00000000        0x0 c:/freescale/kds_v3/toolchain/bin/../lib/gcc/arm-none-eabi/4.8.4/armv6-m/crtend.o
 .eh_frame      0x00000000        0x4 c:/freescale/kds_v3/toolchain/bin/../lib/gcc/arm-none-eabi/4.8.4/armv6-m/crtend.o
 .text          0x00000000        0x0 c:/freescale/kds_v3/toolchain/bin/../lib/gcc/arm-none-eabi/4.8.4/armv6-m/crtn.o
 .data          0x00000000        0x0 c:/freescale/kds_v3/toolchain/bin/../lib/gcc/arm-none-eabi/4.8.4/armv6-m/crtn.o
 .bss           0x00000000        0x0 c:/freescale/kds_v3/toolchain/bin/../lib/gcc/arm-none-eabi/4.8.4/armv6-m/crtn.o

Memory Configuration

Name             Origin             Length             Attributes
m_interrupts     0x00000000         0x00000100         xr
m_flash_config   0x00000400         0x00000010         xr
m_text           0x00000410         0x0001fbf0         xr
m_data           0x1ffff000         0x00004000         rw
*default*        0x00000000         0xffffffff

Linker script and memory map

LOAD c:/freescale/kds_v3/toolchain/bin/../lib/gcc/arm-none-eabi/4.8.4/armv6-m/crti.o
LOAD c:/freescale/kds_v3/toolchain/bin/../lib/gcc/arm-none-eabi/4.8.4/armv6-m/crtbegin.o
LOAD c:/freescale/kds_v3/toolchain/bin/../lib/gcc/arm-none-eabi/4.8.4/../../../../arm-none-eabi/lib/armv6-m/crt0.o
LOAD ./Sources/buffer.o
LOAD ./Sources/conversion.o
LOAD ./Sources/main.o
LOAD ./Sources/project2.o
LOAD ./Sources/uart.o
LOAD ./Project_Settings/Startup_Code/startup_MKL25Z4.o
LOAD ./Project_Settings/Startup_Code/system_MKL25Z4.o
LOAD ./xyz.o
LOAD c:/freescale/kds_v3/toolchain/bin/../lib/gcc/arm-none-eabi/4.8.4/../../../../arm-none-eabi/lib/armv6-m\libstdc++_s.a
LOAD c:/freescale/kds_v3/toolchain/bin/../lib/gcc/arm-none-eabi/4.8.4/../../../../arm-none-eabi/lib/armv6-m\libm.a
START GROUP
LOAD c:/freescale/kds_v3/toolchain/bin/../lib/gcc/arm-none-eabi/4.8.4/armv6-m\libgcc.a
LOAD c:/freescale/kds_v3/toolchain/bin/../lib/gcc/arm-none-eabi/4.8.4/../../../../arm-none-eabi/lib/armv6-m\libg_s.a
LOAD c:/freescale/kds_v3/toolchain/bin/../lib/gcc/arm-none-eabi/4.8.4/../../../../arm-none-eabi/lib/armv6-m\libc_s.a
END GROUP
START GROUP
LOAD c:/freescale/kds_v3/toolchain/bin/../lib/gcc/arm-none-eabi/4.8.4/armv6-m\libgcc.a
LOAD c:/freescale/kds_v3/toolchain/bin/../lib/gcc/arm-none-eabi/4.8.4/../../../../arm-none-eabi/lib/armv6-m\libc_s.a
LOAD c:/freescale/kds_v3/toolchain/bin/../lib/gcc/arm-none-eabi/4.8.4/../../../../arm-none-eabi/lib/armv6-m\libnosys.a
END GROUP
START GROUP
LOAD c:/freescale/kds_v3/toolchain/bin/../lib/gcc/arm-none-eabi/4.8.4/armv6-m\libgcc.a
LOAD c:/freescale/kds_v3/toolchain/bin/../lib/gcc/arm-none-eabi/4.8.4/../../../../arm-none-eabi/lib/armv6-m\libc_s.a
LOAD c:/freescale/kds_v3/toolchain/bin/../lib/gcc/arm-none-eabi/4.8.4/../../../../arm-none-eabi/lib/armv6-m\libnosys.a
END GROUP
LOAD c:/freescale/kds_v3/toolchain/bin/../lib/gcc/arm-none-eabi/4.8.4/armv6-m/crtend.o
LOAD c:/freescale/kds_v3/toolchain/bin/../lib/gcc/arm-none-eabi/4.8.4/armv6-m/crtn.o
                0x00000400                HEAP_SIZE = DEFINED (__heap_size__)?__heap_size__:0x400
                0x00000400                STACK_SIZE = DEFINED (__stack_size__)?__stack_size__:0x400

.interrupts     0x00000000       0xc0
                0x00000000                __VECTOR_TABLE = .
                0x00000000                . = ALIGN (0x4)
 *(.isr_vector)
 .isr_vector    0x00000000       0xc0 ./Project_Settings/Startup_Code/startup_MKL25Z4.o
                0x00000000                __isr_vector
                0x000000c0                . = ALIGN (0x4)

.flash_config   0x00000400       0x10
                0x00000400                . = ALIGN (0x4)
 *(.FlashConfig)
 .FlashConfig   0x00000400       0x10 ./Project_Settings/Startup_Code/startup_MKL25Z4.o
                0x00000410                . = ALIGN (0x4)

.text           0x00000410      0xe10
                0x00000410                . = ALIGN (0x4)
 *(.text)
 .text          0x00000410       0x60 c:/freescale/kds_v3/toolchain/bin/../lib/gcc/arm-none-eabi/4.8.4/armv6-m/crtbegin.o
 .text          0x00000470       0x78 c:/freescale/kds_v3/toolchain/bin/../lib/gcc/arm-none-eabi/4.8.4/../../../../arm-none-eabi/lib/armv6-m/crt0.o
                0x00000470                _start
                0x00000470                _mainCRTStartup
 .text          0x000004e8       0x34 ./Project_Settings/Startup_Code/startup_MKL25Z4.o
                0x000004e8                Reset_Handler
                0x00000514                HardFault_Handler
                0x00000514                SysTick_Handler
                0x00000514                PendSV_Handler
                0x00000514                NMI_Handler
                0x00000514                I2C1_IRQHandler
                0x00000514                UART1_IRQHandler
                0x00000514                DMA2_IRQHandler
                0x00000514                TPM0_IRQHandler
                0x00000514                LLWU_IRQHandler
                0x00000514                TSI0_IRQHandler
                0x00000514                ADC0_IRQHandler
                0x00000514                Reserved39_IRQHandler
                0x00000514                SPI1_IRQHandler
                0x00000514                DefaultISR
                0x00000514                PORTD_IRQHandler
                0x00000514                TPM2_IRQHandler
                0x00000514                RTC_IRQHandler
                0x00000514                I2C0_IRQHandler
                0x00000514                RTC_Seconds_IRQHandler
                0x00000514                MCG_IRQHandler
                0x00000514                UART2_IRQHandler
                0x00000514                Reserved20_IRQHandler
                0x00000514                USB0_IRQHandler
                0x00000514                PIT_IRQHandler
                0x00000514                SVC_Handler
                0x00000514                DMA3_IRQHandler
                0x00000514                DMA0_IRQHandler
                0x00000514                DAC0_IRQHandler
                0x00000514                Reserved45_IRQHandler
                0x00000514                TPM1_IRQHandler
                0x00000514                LVD_LVW_IRQHandler
                0x00000514                SPI0_IRQHandler
                0x00000514                PORTA_IRQHandler
                0x00000514                FTFA_IRQHandler
                0x00000514                LPTMR0_IRQHandler
                0x00000514                CMP0_IRQHandler
                0x00000514                DMA1_IRQHandler
 .text          0x0000051c       0x9c c:/freescale/kds_v3/toolchain/bin/../lib/gcc/arm-none-eabi/4.8.4/armv6-m\libgcc.a(_udivsi3.o)
                0x0000051c                __aeabi_uidiv
                0x0000051c                __udivsi3
                0x000005a4                __aeabi_uidivmod
 .text          0x000005b8        0x4 c:/freescale/kds_v3/toolchain/bin/../lib/gcc/arm-none-eabi/4.8.4/armv6-m\libgcc.a(_dvmd_tls.o)
                0x000005b8                __aeabi_idiv0
                0x000005b8                __aeabi_ldiv0
 *(.text*)
 .text.CB_init  0x000005bc       0x78 ./Sources/buffer.o
                0x000005bc                CB_init
 .text.CB_is_empty
                0x00000634       0x40 ./Sources/buffer.o
                0x00000634                CB_is_empty
 .text.CB_buffer_add_item
                0x00000674       0xb8 ./Sources/buffer.o
                0x00000674                CB_buffer_add_item
 .text.CB_buffer_remove_item
                0x0000072c       0xb8 ./Sources/buffer.o
                0x0000072c                CB_buffer_remove_item
 .text.my_itoa  0x000007e4      0x188 ./Sources/conversion.o
                0x000007e4                my_itoa
 .text.main     0x0000096c        0xc ./Sources/main.o
                0x0000096c                main
 .text.project2
                0x00000978       0x74 ./Sources/project2.o
                0x00000978                project2
 .text.getStatistics
                0x000009ec      0x154 ./Sources/project2.o
                0x000009ec                getStatistics
 .text.printStatistics
                0x00000b40      0x2b8 ./Sources/project2.o
                0x00000b40                printStatistics
 .text.NVIC_EnableIRQ
                0x00000df8       0x2c ./Sources/uart.o
 .text.UART_configure
                0x00000e24       0xd4 ./Sources/uart.o
                0x00000e24                UART_configure
 .text.UART_send
                0x00000ef8       0x30 ./Sources/uart.o
                0x00000ef8                UART_send
 .text.UART0_IRQHandler
                0x00000f28       0xe4 ./Sources/uart.o
                0x00000f28                UART0_IRQHandler
 .text.SystemInit
                0x0000100c       0x18 ./Project_Settings/Startup_Code/system_MKL25Z4.o
                0x0000100c                SystemInit
 .text.exit     0x00001024       0x2c c:/freescale/kds_v3/toolchain/bin/../lib/gcc/arm-none-eabi/4.8.4/../../../../arm-none-eabi/lib/armv6-m\libg_s.a(lib_a-exit.o)
                0x00001024                exit
 .text.__libc_init_array
                0x00001050       0x4c c:/freescale/kds_v3/toolchain/bin/../lib/gcc/arm-none-eabi/4.8.4/../../../../arm-none-eabi/lib/armv6-m\libg_s.a(lib_a-init.o)
                0x00001050                __libc_init_array
 .text.malloc   0x0000109c       0x14 c:/freescale/kds_v3/toolchain/bin/../lib/gcc/arm-none-eabi/4.8.4/../../../../arm-none-eabi/lib/armv6-m\libg_s.a(lib_a-malloc.o)
                0x0000109c                malloc
 .text.memset   0x000010b0       0x10 c:/freescale/kds_v3/toolchain/bin/../lib/gcc/arm-none-eabi/4.8.4/../../../../arm-none-eabi/lib/armv6-m\libg_s.a(lib_a-memset.o)
                0x000010b0                memset
 .text._malloc_r
                0x000010c0       0xa8 c:/freescale/kds_v3/toolchain/bin/../lib/gcc/arm-none-eabi/4.8.4/../../../../arm-none-eabi/lib/armv6-m\libg_s.a(lib_a-nano-mallocr.o)
                0x000010c0                _malloc_r
 .text._sbrk_r  0x00001168       0x24 c:/freescale/kds_v3/toolchain/bin/../lib/gcc/arm-none-eabi/4.8.4/../../../../arm-none-eabi/lib/armv6-m\libg_s.a(lib_a-sbrkr.o)
                0x00001168                _sbrk_r
 .text._sbrk    0x0000118c       0x34 c:/freescale/kds_v3/toolchain/bin/../lib/gcc/arm-none-eabi/4.8.4/../../../../arm-none-eabi/lib/armv6-m\libnosys.a(sbrk.o)
                0x0000118c                _sbrk
 .text._exit    0x000011c0        0x4 c:/freescale/kds_v3/toolchain/bin/../lib/gcc/arm-none-eabi/4.8.4/../../../../arm-none-eabi/lib/armv6-m\libnosys.a(_exit.o)
                0x000011c0                _exit
 *(.rodata)
 .rodata        0x000011c4       0x3c ./Sources/project2.o
 *(.rodata*)
 .rodata.str1.1
                0x00001200        0x2 c:/freescale/kds_v3/toolchain/bin/../lib/gcc/arm-none-eabi/4.8.4/../../../../arm-none-eabi/lib/armv6-m\libg_s.a(lib_a-impure.o)
 *fill*         0x00001202        0x2 
 .rodata._global_impure_ptr
                0x00001204        0x4 c:/freescale/kds_v3/toolchain/bin/../lib/gcc/arm-none-eabi/4.8.4/../../../../arm-none-eabi/lib/armv6-m\libg_s.a(lib_a-impure.o)
                0x00001204                _global_impure_ptr
 *(.glue_7)
 .glue_7        0x00000000        0x0 linker stubs
 *(.glue_7t)
 .glue_7t       0x00000000        0x0 linker stubs
 *(.eh_frame)
 .eh_frame      0x00001208        0x0 c:/freescale/kds_v3/toolchain/bin/../lib/gcc/arm-none-eabi/4.8.4/armv6-m/crtbegin.o
 *(.init)
 .init          0x00001208        0x4 c:/freescale/kds_v3/toolchain/bin/../lib/gcc/arm-none-eabi/4.8.4/armv6-m/crti.o
                0x00001208                _init
 .init          0x0000120c        0x8 c:/freescale/kds_v3/toolchain/bin/../lib/gcc/arm-none-eabi/4.8.4/armv6-m/crtn.o
 *(.fini)
 .fini          0x00001214        0x4 c:/freescale/kds_v3/toolchain/bin/../lib/gcc/arm-none-eabi/4.8.4/armv6-m/crti.o
                0x00001214                _fini
 .fini          0x00001218        0x8 c:/freescale/kds_v3/toolchain/bin/../lib/gcc/arm-none-eabi/4.8.4/armv6-m/crtn.o
                0x00001220                . = ALIGN (0x4)

.vfp11_veneer   0x00001220        0x0
 .vfp11_veneer  0x00000000        0x0 linker stubs

.v4_bx          0x00001220        0x0
 .v4_bx         0x00000000        0x0 linker stubs

.iplt           0x00001220        0x0
 .iplt          0x00000000        0x0 c:/freescale/kds_v3/toolchain/bin/../lib/gcc/arm-none-eabi/4.8.4/armv6-m/crtbegin.o

.ARM.extab
 *(.ARM.extab* .gnu.linkonce.armextab.*)

.ARM            0x00001220        0x8
                0x00001220                __exidx_start = .
 *(.ARM.exidx*)
 .ARM.exidx     0x00001220        0x8 c:/freescale/kds_v3/toolchain/bin/../lib/gcc/arm-none-eabi/4.8.4/../../../../arm-none-eabi/lib/armv6-m/crt0.o
                0x00001228                __exidx_end = .

.rel.dyn        0x00001228        0x0
 .rel.iplt      0x00000000        0x0 c:/freescale/kds_v3/toolchain/bin/../lib/gcc/arm-none-eabi/4.8.4/armv6-m/crtbegin.o

.ctors          0x00001228        0x0
                0x00001228                __CTOR_LIST__ = .
 *crtbegin.o(.ctors)
 *crtbegin?.o(.ctors)
 *(EXCLUDE_FILE(*crtend.o *crtend?.o) .ctors)
 *(SORT(.ctors.*))
 *(.ctors)
                0x00001228                __CTOR_END__ = .

.dtors          0x00001228        0x0
                0x00001228                __DTOR_LIST__ = .
 *crtbegin.o(.dtors)
 *crtbegin?.o(.dtors)
 *(EXCLUDE_FILE(*crtend.o *crtend?.o) .dtors)
 *(SORT(.dtors.*))
 *(.dtors)
                0x00001228                __DTOR_END__ = .

.preinit_array  0x00001228        0x0
                0x00001228                PROVIDE (__preinit_array_start, .)
 *(.preinit_array*)
                0x00001228                PROVIDE (__preinit_array_end, .)

.init_array     0x00001228        0x4
                0x00001228                PROVIDE (__init_array_start, .)
 *(SORT(.init_array.*))
 *(.init_array*)
 .init_array    0x00001228        0x4 c:/freescale/kds_v3/toolchain/bin/../lib/gcc/arm-none-eabi/4.8.4/armv6-m/crtbegin.o
                0x0000122c                PROVIDE (__init_array_end, .)

.fini_array     0x0000122c        0x4
                0x0000122c                PROVIDE (__fini_array_start, .)
 *(SORT(.fini_array.*))
 *(.fini_array*)
 .fini_array    0x0000122c        0x4 c:/freescale/kds_v3/toolchain/bin/../lib/gcc/arm-none-eabi/4.8.4/armv6-m/crtbegin.o
                0x00001230                PROVIDE (__fini_array_end, .)
                0x00001230                __etext = .
                0x00001230                __DATA_ROM = .

.mtb            0x1ffff000        0x0
                0x1ffff000                . = ALIGN (0x8)
                0x1ffff000                _mtb_start = .
 *(.mtb_buf)
                0x1ffff000                . = ALIGN (0x8)
                0x1ffff000                _mtb_end = .

.data           0x1ffff000       0x6c load address 0x00001230
                0x1ffff000                . = ALIGN (0x4)
                0x1ffff000                __DATA_RAM = .
                0x1ffff000                __data_start__ = .
 *(.data)
 *(.data*)
 .data.length   0x1ffff000        0x1 ./Sources/project2.o
                0x1ffff000                length
 *fill*         0x1ffff001        0x3 
 .data.impure_data
                0x1ffff004       0x60 c:/freescale/kds_v3/toolchain/bin/../lib/gcc/arm-none-eabi/4.8.4/../../../../arm-none-eabi/lib/armv6-m\libg_s.a(lib_a-impure.o)
 .data._impure_ptr
                0x1ffff064        0x4 c:/freescale/kds_v3/toolchain/bin/../lib/gcc/arm-none-eabi/4.8.4/../../../../arm-none-eabi/lib/armv6-m\libg_s.a(lib_a-impure.o)
                0x1ffff064                _impure_ptr
 *(.jcr*)
 .jcr           0x1ffff068        0x0 c:/freescale/kds_v3/toolchain/bin/../lib/gcc/arm-none-eabi/4.8.4/armv6-m/crtbegin.o
 .jcr           0x1ffff068        0x4 c:/freescale/kds_v3/toolchain/bin/../lib/gcc/arm-none-eabi/4.8.4/armv6-m/crtend.o
                0x1ffff06c                . = ALIGN (0x4)
                0x1ffff06c                __data_end__ = .
                0x0000129c                __DATA_END = (__DATA_ROM + (__data_end__ - __data_start__))

.igot.plt       0x1ffff06c        0x0 load address 0x0000129c
 .igot.plt      0x00000000        0x0 c:/freescale/kds_v3/toolchain/bin/../lib/gcc/arm-none-eabi/4.8.4/armv6-m/crtbegin.o

.bss            0x1ffff06c       0x40 load address 0x0000129c
                0x1ffff06c                . = ALIGN (0x4)
                0x1ffff06c                __START_BSS = .
                0x1ffff06c                __bss_start__ = .
 *(.bss)
 .bss           0x1ffff06c       0x1c c:/freescale/kds_v3/toolchain/bin/../lib/gcc/arm-none-eabi/4.8.4/armv6-m/crtbegin.o
 *(.bss*)
 .bss.alpha     0x1ffff088        0x1 ./Sources/project2.o
                0x1ffff088                alpha
 .bss.num       0x1ffff089        0x1 ./Sources/project2.o
                0x1ffff089                num
 .bss.punc      0x1ffff08a        0x1 ./Sources/project2.o
                0x1ffff08a                punc
 .bss.misc      0x1ffff08b        0x1 ./Sources/project2.o
                0x1ffff08b                misc
 .bss.e.5738    0x1ffff08c        0x1 ./Sources/uart.o
 *fill*         0x1ffff08d        0x3 
 .bss.__malloc_sbrk_start
                0x1ffff090        0x4 c:/freescale/kds_v3/toolchain/bin/../lib/gcc/arm-none-eabi/4.8.4/../../../../arm-none-eabi/lib/armv6-m\libg_s.a(lib_a-nano-mallocr.o)
                0x1ffff090                __malloc_sbrk_start
 .bss.__malloc_free_list
                0x1ffff094        0x4 c:/freescale/kds_v3/toolchain/bin/../lib/gcc/arm-none-eabi/4.8.4/../../../../arm-none-eabi/lib/armv6-m\libg_s.a(lib_a-nano-mallocr.o)
                0x1ffff094                __malloc_free_list
 .bss.heap_end.4246
                0x1ffff098        0x4 c:/freescale/kds_v3/toolchain/bin/../lib/gcc/arm-none-eabi/4.8.4/../../../../arm-none-eabi/lib/armv6-m\libnosys.a(sbrk.o)
 *(COMMON)
 COMMON         0x1ffff09c        0xc ./Sources/project2.o
                0x1ffff09c                Rx
                0x1ffff0a0                c
                0x1ffff0a4                Tx
 COMMON         0x1ffff0a8        0x4 c:/freescale/kds_v3/toolchain/bin/../lib/gcc/arm-none-eabi/4.8.4/../../../../arm-none-eabi/lib/armv6-m\libg_s.a(lib_a-reent.o)
                0x1ffff0a8                errno
                0x1ffff0ac                . = ALIGN (0x4)
                0x1ffff0ac                __bss_end__ = .
                0x1ffff0ac                __END_BSS = .

.heap           0x1ffff0ac      0x404 load address 0x000012dc
                0x1ffff0b0                . = ALIGN (0x8)
 *fill*         0x1ffff0ac        0x4 
                0x1ffff0b0                __end__ = .
                0x1ffff0b0                PROVIDE (end, .)
                0x1ffff0b0                __HeapBase = .
                0x1ffff4b0                . = (. + HEAP_SIZE)
 *fill*         0x1ffff0b0      0x400 
                0x1ffff4b0                __HeapLimit = .

.stack          0x1ffff4b0      0x400 load address 0x000016e0
                0x1ffff4b0                . = ALIGN (0x8)
                0x1ffff8b0                . = (. + STACK_SIZE)
 *fill*         0x1ffff4b0      0x400 
                0x20003000                __StackTop = (ORIGIN (m_data) + 0x4000)
                0x20002c00                __StackLimit = (__StackTop - STACK_SIZE)
                0x20003000                PROVIDE (__stack, __StackTop)

.ARM.attributes
                0x00000000       0x28
 *(.ARM.attributes)
 .ARM.attributes
                0x00000000       0x1e c:/freescale/kds_v3/toolchain/bin/../lib/gcc/arm-none-eabi/4.8.4/armv6-m/crti.o
 .ARM.attributes
                0x0000001e       0x2c c:/freescale/kds_v3/toolchain/bin/../lib/gcc/arm-none-eabi/4.8.4/armv6-m/crtbegin.o
 .ARM.attributes
                0x0000004a       0x1b c:/freescale/kds_v3/toolchain/bin/../lib/gcc/arm-none-eabi/4.8.4/../../../../arm-none-eabi/lib/armv6-m/crt0.o
 .ARM.attributes
                0x00000065       0x32 ./Sources/buffer.o
 .ARM.attributes
                0x00000097       0x32 ./Sources/conversion.o
 .ARM.attributes
                0x000000c9       0x32 ./Sources/main.o
 .ARM.attributes
                0x000000fb       0x32 ./Sources/project2.o
 .ARM.attributes
                0x0000012d       0x32 ./Sources/uart.o
 .ARM.attributes
                0x0000015f       0x1b ./Project_Settings/Startup_Code/startup_MKL25Z4.o
 .ARM.attributes
                0x0000017a       0x32 ./Project_Settings/Startup_Code/system_MKL25Z4.o
 .ARM.attributes
                0x000001ac       0x1e c:/freescale/kds_v3/toolchain/bin/../lib/gcc/arm-none-eabi/4.8.4/armv6-m\libgcc.a(_udivsi3.o)
 .ARM.attributes
                0x000001ca       0x1e c:/freescale/kds_v3/toolchain/bin/../lib/gcc/arm-none-eabi/4.8.4/armv6-m\libgcc.a(_dvmd_tls.o)
 .ARM.attributes
                0x000001e8       0x2c c:/freescale/kds_v3/toolchain/bin/../lib/gcc/arm-none-eabi/4.8.4/../../../../arm-none-eabi/lib/armv6-m\libg_s.a(lib_a-exit.o)
 .ARM.attributes
                0x00000214       0x2c c:/freescale/kds_v3/toolchain/bin/../lib/gcc/arm-none-eabi/4.8.4/../../../../arm-none-eabi/lib/armv6-m\libg_s.a(lib_a-impure.o)
 .ARM.attributes
                0x00000240       0x2c c:/freescale/kds_v3/toolchain/bin/../lib/gcc/arm-none-eabi/4.8.4/../../../../arm-none-eabi/lib/armv6-m\libg_s.a(lib_a-init.o)
 .ARM.attributes
                0x0000026c       0x2c c:/freescale/kds_v3/toolchain/bin/../lib/gcc/arm-none-eabi/4.8.4/../../../../arm-none-eabi/lib/armv6-m\libg_s.a(lib_a-malloc.o)
 .ARM.attributes
                0x00000298       0x2c c:/freescale/kds_v3/toolchain/bin/../lib/gcc/arm-none-eabi/4.8.4/../../../../arm-none-eabi/lib/armv6-m\libg_s.a(lib_a-memset.o)
 .ARM.attributes
                0x000002c4       0x2c c:/freescale/kds_v3/toolchain/bin/../lib/gcc/arm-none-eabi/4.8.4/../../../../arm-none-eabi/lib/armv6-m\libg_s.a(lib_a-nano-mallocr.o)
 .ARM.attributes
                0x000002f0       0x2c c:/freescale/kds_v3/toolchain/bin/../lib/gcc/arm-none-eabi/4.8.4/../../../../arm-none-eabi/lib/armv6-m\libg_s.a(lib_a-sbrkr.o)
 .ARM.attributes
                0x0000031c       0x2c c:/freescale/kds_v3/toolchain/bin/../lib/gcc/arm-none-eabi/4.8.4/../../../../arm-none-eabi/lib/armv6-m\libg_s.a(lib_a-reent.o)
 .ARM.attributes
                0x00000348       0x2c c:/freescale/kds_v3/toolchain/bin/../lib/gcc/arm-none-eabi/4.8.4/../../../../arm-none-eabi/lib/armv6-m\libnosys.a(sbrk.o)
 .ARM.attributes
                0x00000374       0x2c c:/freescale/kds_v3/toolchain/bin/../lib/gcc/arm-none-eabi/4.8.4/../../../../arm-none-eabi/lib/armv6-m\libnosys.a(_exit.o)
 .ARM.attributes
                0x000003a0       0x2c c:/freescale/kds_v3/toolchain/bin/../lib/gcc/arm-none-eabi/4.8.4/armv6-m/crtend.o
 .ARM.attributes
                0x000003cc       0x1e c:/freescale/kds_v3/toolchain/bin/../lib/gcc/arm-none-eabi/4.8.4/armv6-m/crtn.o
                0x00000001                ASSERT ((__StackLimit >= __HeapLimit), region m_data overflowed with stack and heap)
OUTPUT(project02.elf elf32-littlearm)

.debug_info     0x00000000     0x1648
 .debug_info    0x00000000      0x336 ./Sources/buffer.o
 .debug_info    0x00000336      0x172 ./Sources/conversion.o
 .debug_info    0x000004a8       0x93 ./Sources/main.o
 .debug_info    0x0000053b      0x483 ./Sources/project2.o
 .debug_info    0x000009be      0x814 ./Sources/uart.o
 .debug_info    0x000011d2       0x89 ./Project_Settings/Startup_Code/startup_MKL25Z4.o
 .debug_info    0x0000125b      0x3ed ./Project_Settings/Startup_Code/system_MKL25Z4.o

.debug_abbrev   0x00000000      0x645
 .debug_abbrev  0x00000000       0xf6 ./Sources/buffer.o
 .debug_abbrev  0x000000f6       0xa4 ./Sources/conversion.o
 .debug_abbrev  0x0000019a       0x47 ./Sources/main.o
 .debug_abbrev  0x000001e1      0x15b ./Sources/project2.o
 .debug_abbrev  0x0000033c      0x1ec ./Sources/uart.o
 .debug_abbrev  0x00000528       0x14 ./Project_Settings/Startup_Code/startup_MKL25Z4.o
 .debug_abbrev  0x0000053c      0x109 ./Project_Settings/Startup_Code/system_MKL25Z4.o

.debug_aranges  0x00000000      0x158
 .debug_aranges
                0x00000000       0x50 ./Sources/buffer.o
 .debug_aranges
                0x00000050       0x20 ./Sources/conversion.o
 .debug_aranges
                0x00000070       0x20 ./Sources/main.o
 .debug_aranges
                0x00000090       0x30 ./Sources/project2.o
 .debug_aranges
                0x000000c0       0x50 ./Sources/uart.o
 .debug_aranges
                0x00000110       0x20 ./Project_Settings/Startup_Code/startup_MKL25Z4.o
 .debug_aranges
                0x00000130       0x28 ./Project_Settings/Startup_Code/system_MKL25Z4.o

.debug_ranges   0x00000000       0xd8
 .debug_ranges  0x00000000       0x40 ./Sources/buffer.o
 .debug_ranges  0x00000040       0x10 ./Sources/conversion.o
 .debug_ranges  0x00000050       0x10 ./Sources/main.o
 .debug_ranges  0x00000060       0x20 ./Sources/project2.o
 .debug_ranges  0x00000080       0x40 ./Sources/uart.o
 .debug_ranges  0x000000c0       0x18 ./Project_Settings/Startup_Code/system_MKL25Z4.o

.debug_macro    0x00000000     0xa5e7
 .debug_macro   0x00000000      0x139 ./Sources/buffer.o
 .debug_macro   0x00000139      0x802 ./Sources/buffer.o
 .debug_macro   0x0000093b       0x16 ./Sources/buffer.o
 .debug_macro   0x00000951       0x44 ./Sources/buffer.o
 .debug_macro   0x00000995      0x209 ./Sources/buffer.o
 .debug_macro   0x00000b9e       0x58 ./Sources/buffer.o
 .debug_macro   0x00000bf6       0x35 ./Sources/buffer.o
 .debug_macro   0x00000c2b       0xa3 ./Sources/buffer.o
 .debug_macro   0x00000cce       0x16 ./Sources/buffer.o
 .debug_macro   0x00000ce4      0x10e ./Sources/buffer.o
 .debug_macro   0x00000df2       0x7f ./Sources/buffer.o
 .debug_macro   0x00000e71       0x52 ./Sources/buffer.o
 .debug_macro   0x00000ec3       0x16 ./Sources/buffer.o
 .debug_macro   0x00000ed9       0x43 ./Sources/buffer.o
 .debug_macro   0x00000f1c      0x180 ./Sources/buffer.o
 .debug_macro   0x0000109c       0x22 ./Sources/buffer.o
 .debug_macro   0x000010be       0x1c ./Sources/buffer.o
 .debug_macro   0x000010da       0x35 ./Sources/buffer.o
 .debug_macro   0x0000110f       0x10 ./Sources/buffer.o
 .debug_macro   0x0000111f       0x10 ./Sources/buffer.o
 .debug_macro   0x0000112f       0x22 ./Sources/buffer.o
 .debug_macro   0x00001151       0xbd ./Sources/buffer.o
 .debug_macro   0x0000120e       0x16 ./Sources/buffer.o
 .debug_macro   0x00001224      0x14a ./Sources/buffer.o
 .debug_macro   0x0000136e      0x108 ./Sources/conversion.o
 .debug_macro   0x00001476       0x16 ./Sources/conversion.o
 .debug_macro   0x0000148c       0x97 ./Sources/conversion.o
 .debug_macro   0x00001523       0xef ./Sources/conversion.o
 .debug_macro   0x00001612       0x4a ./Sources/conversion.o
 .debug_macro   0x0000165c      0x20f ./Sources/conversion.o
 .debug_macro   0x0000186b      0x1a1 ./Sources/main.o
 .debug_macro   0x00001a0c       0x16 ./Sources/main.o
 .debug_macro   0x00001a22       0x3a ./Sources/main.o
 .debug_macro   0x00001a5c       0x3a ./Sources/main.o
 .debug_macro   0x00001a96       0x26 ./Sources/main.o
 .debug_macro   0x00001abc      0x306 ./Sources/main.o
 .debug_macro   0x00001dc2       0x63 ./Sources/main.o
 .debug_macro   0x00001e25     0x839f ./Sources/main.o
 .debug_macro   0x0000a1c4       0x22 ./Sources/main.o
 .debug_macro   0x0000a1e6      0x19c ./Sources/project2.o
 .debug_macro   0x0000a382       0x4c ./Sources/project2.o
 .debug_macro   0x0000a3ce      0x19b ./Sources/uart.o
 .debug_macro   0x0000a569       0x7e ./Project_Settings/Startup_Code/system_MKL25Z4.o

.debug_line     0x00000000     0x11d9
 .debug_line    0x00000000      0x2e7 ./Sources/buffer.o
 .debug_line    0x000002e7      0x260 ./Sources/conversion.o
 .debug_line    0x00000547      0x2a9 ./Sources/main.o
 .debug_line    0x000007f0      0x39f ./Sources/project2.o
 .debug_line    0x00000b8f      0x38f ./Sources/uart.o
 .debug_line    0x00000f1e       0x7b ./Project_Settings/Startup_Code/startup_MKL25Z4.o
 .debug_line    0x00000f99      0x240 ./Project_Settings/Startup_Code/system_MKL25Z4.o

.debug_str      0x00000000    0x34098
 .debug_str     0x00000000     0x4da7 ./Sources/buffer.o
                               0x4f7e (size before relaxing)
 .debug_str     0x00004da7       0x7d ./Sources/conversion.o
                               0x4ddb (size before relaxing)
 .debug_str     0x00004e24    0x2edd6 ./Sources/main.o
                              0x33e6d (size before relaxing)
 .debug_str     0x00033bfa       0x9d ./Sources/project2.o
                              0x33f6b (size before relaxing)
 .debug_str     0x00033c97      0x36a ./Sources/uart.o
                              0x3426f (size before relaxing)
 .debug_str     0x00034001       0x97 ./Project_Settings/Startup_Code/system_MKL25Z4.o
                              0x31f07 (size before relaxing)

.comment        0x00000000       0x70
 .comment       0x00000000       0x70 ./Sources/buffer.o
                                 0x71 (size before relaxing)
 .comment       0x00000000       0x71 ./Sources/conversion.o
 .comment       0x00000000       0x71 ./Sources/main.o
 .comment       0x00000000       0x71 ./Sources/project2.o
 .comment       0x00000000       0x71 ./Sources/uart.o
 .comment       0x00000000       0x71 ./Project_Settings/Startup_Code/system_MKL25Z4.o

.debug_frame    0x00000000      0x4a8
 .debug_frame   0x00000000       0xf0 ./Sources/buffer.o
 .debug_frame   0x000000f0       0x30 ./Sources/conversion.o
 .debug_frame   0x00000120       0x2c ./Sources/main.o
 .debug_frame   0x0000014c       0x70 ./Sources/project2.o
 .debug_frame   0x000001bc       0xec ./Sources/uart.o
 .debug_frame   0x000002a8       0x4c ./Project_Settings/Startup_Code/system_MKL25Z4.o
 .debug_frame   0x000002f4       0x20 c:/freescale/kds_v3/toolchain/bin/../lib/gcc/arm-none-eabi/4.8.4/armv6-m\libgcc.a(_udivsi3.o)
 .debug_frame   0x00000314       0x28 c:/freescale/kds_v3/toolchain/bin/../lib/gcc/arm-none-eabi/4.8.4/../../../../arm-none-eabi/lib/armv6-m\libg_s.a(lib_a-exit.o)
 .debug_frame   0x0000033c       0x2c c:/freescale/kds_v3/toolchain/bin/../lib/gcc/arm-none-eabi/4.8.4/../../../../arm-none-eabi/lib/armv6-m\libg_s.a(lib_a-init.o)
 .debug_frame   0x00000368       0x40 c:/freescale/kds_v3/toolchain/bin/../lib/gcc/arm-none-eabi/4.8.4/../../../../arm-none-eabi/lib/armv6-m\libg_s.a(lib_a-malloc.o)
 .debug_frame   0x000003a8       0x20 c:/freescale/kds_v3/toolchain/bin/../lib/gcc/arm-none-eabi/4.8.4/../../../../arm-none-eabi/lib/armv6-m\libg_s.a(lib_a-memset.o)
 .debug_frame   0x000003c8       0x2c c:/freescale/kds_v3/toolchain/bin/../lib/gcc/arm-none-eabi/4.8.4/../../../../arm-none-eabi/lib/armv6-m\libg_s.a(lib_a-nano-mallocr.o)
 .debug_frame   0x000003f4       0x2c c:/freescale/kds_v3/toolchain/bin/../lib/gcc/arm-none-eabi/4.8.4/../../../../arm-none-eabi/lib/armv6-m\libg_s.a(lib_a-sbrkr.o)
 .debug_frame   0x00000420       0x48 c:/freescale/kds_v3/toolchain/bin/../lib/gcc/arm-none-eabi/4.8.4/../../../../arm-none-eabi/lib/armv6-m\libg_s.a(lib_a-reent.o)
 .debug_frame   0x00000468       0x20 c:/freescale/kds_v3/toolchain/bin/../lib/gcc/arm-none-eabi/4.8.4/../../../../arm-none-eabi/lib/armv6-m\libnosys.a(sbrk.o)
 .debug_frame   0x00000488       0x20 c:/freescale/kds_v3/toolchain/bin/../lib/gcc/arm-none-eabi/4.8.4/../../../../arm-none-eabi/lib/armv6-m\libnosys.a(_exit.o)
